192.168.1.5 - - [14/Dec/2025:14:25:54 +0000] "POST /api/v1/device/wifi-status HTTP/1.1" 200 186 "-" "ESP8266HTTPClient"
192.168.1.5 - - [14/Dec/2025:14:25:57 +0000] "POST /api/v1/device/wifi-status HTTP/1.1" 200 186 "-" "ESP8266HTTPClient"
192.168.1.5 - - [14/Dec/2025:14:26:00 +0000] "POST /api/v1/device/wifi-status HTTP/1.1" 200 186 "-" "ESP8266HTTPClient"
192.168.1.5 - - [14/Dec/2025:14:26:03 +0000] "POST /api/v1/device/wifi-status HTTP/1.1" 200 186 "-" "ESP8266HTTPClient"
192.168.1.5 - - [14/Dec/2025:14:26:06 +0000] "POST /api/v1/device/wifi-status HTTP/1.1" 200 186 "-" "ESP8266HTTPClient"
192.168.1.5 - - [14/Dec/2025:14:26:09 +0000] "POST /api/v1/device/wifi-status HTTP/1.1" 200 186 "-" "ESP8266HTTPClient"
192.168.1.5 - - [14/Dec/2025:14:26:13 +0000] "POST /api/v1/device/wifi-status HTTP/1.1" 200 186 "-" "ESP8266HTTPClient"
192.168.1.5 - - [14/Dec/2025:14:26:16 +0000] "POST /api/v1/device/wifi-status HTTP/1.1" 200 186 "-" "ESP8266HTTPClient"
192.168.1.5 - - [14/Dec/2025:14:26:19 +0000] "POST /api/v1/device/wifi-status HTTP/1.1" 200 186 "-" "ESP8266HTTPClient"
192.168.1.5 - - [14/Dec/2025:14:26:22 +0000] "POST /api/v1/device/wifi-status HTTP/1.1" 200 186 "-" "ESP8266HTTPClient"
192.168.1.5 - - [14/Dec/2025:14:26:25 +0000] "POST /api/v1/device/wifi-status HTTP/1.1" 200 186 "-" "ESP8266HTTPClient"
192.168.1.5 - - [14/Dec/2025:14:26:28 +0000] "POST /api/v1/device/wifi-status HTTP/1.1" 200 186 "-" "ESP8266HTTPClient"
192.168.1.5 - - [14/Dec/2025:14:26:32 +0000] "POST /api/v1/device/wifi-status HTTP/1.1" 200 186 "-" "ESP8266HTTPClient"
192.168.1.5 - - [14/Dec/2025:14:26:35 +0000] "POST /api/v1/device/wifi-status HTTP/1.1" 200 186 "-" "ESP8266HTTPClient"
192.168.1.5 - - [14/Dec/2025:14:26:38 +0000] "POST /api/v1/device/wifi-status HTTP/1.1" 200 186 "-" "ESP8266HTTPClient"
192.168.1.5 - - [14/Dec/2025:14:26:41 +0000] "POST /api/v1/device/wifi-status HTTP/1.1" 200 186 "-" "ESP8266HTTPClient"
192.168.1.5 - - [14/Dec/2025:14:26:44 +0000] "POST /api/v1/device/wifi-status HTTP/1.1" 200 186 "-" "ESP8266HTTPClient"
192.168.1.5 - - [14/Dec/2025:14:26:47 +0000] "POST /api/v1/device/wifi-status HTTP/1.1" 200 186 "-" "ESP8266HTTPClient"
192.168.1.5 - - [14/Dec/2025:14:26:50 +0000] "POST /api/v1/device/wifi-status HTTP/1.1" 200 186 "-" "ESP8266HTTPClient"
192.168.1.5 - - [14/Dec/2025:14:26:53 +0000] "POST /api/v1/device/wifi-status HTTP/1.1" 200 186 "-" "ESP8266HTTPClient"
192.168.1.5 - - [14/Dec/2025:14:26:56 +0000] "POST /api/v1/device/wifi-status HTTP/1.1" 200 186 "-" "ESP8266HTTPClient"
192.168.1.5 - - [14/Dec/2025:14:26:59 +0000] "POST /api/v1/device/wifi-status HTTP/1.1" 200 186 "-" "ESP8266HTTPClient"
192.168.1.5 - - [14/Dec/2025:14:27:02 +0000] "POST /api/v1/device/wifi-status HTTP/1.1" 200 186 "-" "ESP8266HTTPClient"
192.168.1.5 - - [14/Dec/2025:14:27:05 +0000] "POST /api/v1/device/wifi-status HTTP/1.1" 200 186 "-" "ESP8266HTTPClient"
192.168.1.5 - - [14/Dec/2025:14:27:09 +0000] "POST /api/v1/device/wifi-status HTTP/1.1" 200 186 "-" "ESP8266HTTPClient"
192.168.1.5 - - [14/Dec/2025:14:27:12 +0000] "POST /api/v1/device/wifi-status HTTP/1.1" 200 186 "-" "ESP8266HTTPClient"
192.168.1.5 - - [14/Dec/2025:14:27:15 +0000] "POST /api/v1/device/wifi-status HTTP/1.1" 200 186 "-" "ESP8266HTTPClient"
192.168.1.5 - - [14/Dec/2025:14:27:18 +0000] "POST /api/v1/device/wifi-status HTTP/1.1" 200 186 "-" "ESP8266HTTPClient"
192.168.1.5 - - [14/Dec/2025:14:27:23 +0000] "POST /api/v1/device/wifi-status HTTP/1.1" 200 186 "-" "ESP8266HTTPClient"
192.168.1.5 - - [14/Dec/2025:14:27:26 +0000] "POST /api/v1/device/wifi-status HTTP/1.1" 200 186 "-" "ESP8266HTTPClient"
192.168.1.5 - - [14/Dec/2025:14:27:29 +0000] "POST /api/v1/device/wifi-status HTTP/1.1" 200 186 "-" "ESP8266HTTPClient"
192.168.1.5 - - [14/Dec/2025:14:27:32 +0000] "POST /api/v1/device/wifi-status HTTP/1.1" 200 186 "-" "ESP8266HTTPClient"
192.168.1.5 - - [14/Dec/2025:14:27:35 +0000] "POST /api/v1/device/wifi-status HTTP/1.1" 200 186 "-" "ESP8266HTTPClient"
192.168.1.5 - - [14/Dec/2025:14:27:39 +0000] "POST /api/v1/device/wifi-status HTTP/1.1" 200 186 "-" "ESP8266HTTPClient"
192.168.1.5 - - [14/Dec/2025:14:27:42 +0000] "POST /api/v1/device/wifi-status HTTP/1.1" 200 186 "-" "ESP8266HTTPClient"
192.168.1.5 - - [14/Dec/2025:14:27:45 +0000] "POST /api/v1/device/wifi-status HTTP/1.1" 200 186 "-" "ESP8266HTTPClient"
192.168.1.5 - - [14/Dec/2025:14:27:48 +0000] "POST /api/v1/device/wifi-status HTTP/1.1" 200 186 "-" "ESP8266HTTPClient"
192.168.1.5 - - [14/Dec/2025:14:27:51 +0000] "POST /api/v1/device/wifi-status HTTP/1.1" 200 186 "-" "ESP8266HTTPClient"
192.168.1.5 - - [14/Dec/2025:14:27:54 +0000] "POST /api/v1/device/wifi-status HTTP/1.1" 200 186 "-" "ESP8266HTTPClient"
192.168.1.5 - - [14/Dec/2025:14:27:57 +0000] "POST /api/v1/device/wifi-status HTTP/1.1" 200 186 "-" "ESP8266HTTPClient"
192.168.1.5 - - [14/Dec/2025:14:28:00 +0000] "POST /api/v1/device/wifi-status HTTP/1.1" 200 186 "-" "ESP8266HTTPClient"
192.168.1.5 - - [14/Dec/2025:14:28:03 +0000] "POST /api/v1/device/wifi-status HTTP/1.1" 200 186 "-" "ESP8266HTTPClient"
192.168.1.5 - - [14/Dec/2025:14:28:06 +0000] "POST /api/v1/device/wifi-status HTTP/1.1" 200 186 "-" "ESP8266HTTPClient"
192.168.1.5 - - [14/Dec/2025:14:28:10 +0000] "POST /api/v1/device/wifi-status HTTP/1.1" 200 186 "-" "ESP8266HTTPClient"
192.168.1.5 - - [14/Dec/2025:14:28:13 +0000] "POST /api/v1/device/wifi-status HTTP/1.1" 200 186 "-" "ESP8266HTTPClient"
192.168.1.5 - - [14/Dec/2025:14:28:16 +0000] "POST /api/v1/device/wifi-status HTTP/1.1" 200 186 "-" "ESP8266HTTPClient"
192.168.1.5 - - [14/Dec/2025:14:28:19 +0000] "POST /api/v1/device/wifi-status HTTP/1.1" 200 186 "-" "ESP8266HTTPClient"
192.168.1.5 - - [14/Dec/2025:14:28:22 +0000] "POST /api/v1/device/wifi-status HTTP/1.1" 200 186 "-" "ESP8266HTTPClient"
192.168.1.5 - - [14/Dec/2025:14:28:25 +0000] "POST /api/v1/device/wifi-status HTTP/1.1" 200 186 "-" "ESP8266HTTPClient"
192.168.1.5 - - [14/Dec/2025:14:28:28 +0000] "POST /api/v1/device/wifi-status HTTP/1.1" 200 186 "-" "ESP8266HTTPClient"
192.168.1.5 - - [14/Dec/2025:14:28:31 +0000] "POST /api/v1/device/wifi-status HTTP/1.1" 200 186 "-" "ESP8266HTTPClient"
192.168.1.5 - - [14/Dec/2025:14:28:34 +0000] "POST /api/v1/device/wifi-status HTTP/1.1" 200 186 "-" "ESP8266HTTPClient"
192.168.1.5 - - [14/Dec/2025:14:28:37 +0000] "POST /api/v1/device/wifi-status HTTP/1.1" 200 186 "-" "ESP8266HTTPClient"
192.168.1.5 - - [14/Dec/2025:14:28:40 +0000] "POST /api/v1/device/wifi-status HTTP/1.1" 200 186 "-" "ESP8266HTTPClient"
192.168.1.5 - - [14/Dec/2025:14:28:44 +0000] "POST /api/v1/device/wifi-status HTTP/1.1" 200 186 "-" "ESP8266HTTPClient"
192.168.1.5 - - [14/Dec/2025:14:28:47 +0000] "POST /api/v1/device/wifi-status HTTP/1.1" 200 186 "-" "ESP8266HTTPClient"
192.168.1.5 - - [14/Dec/2025:14:28:50 +0000] "POST /api/v1/device/wifi-status HTTP/1.1" 200 186 "-" "ESP8266HTTPClient"
192.168.1.5 - - [14/Dec/2025:14:28:53 +0000] "POST /api/v1/device/wifi-status HTTP/1.1" 200 186 "-" "ESP8266HTTPClient"
192.168.1.5 - - [14/Dec/2025:14:28:56 +0000] "POST /api/v1/device/wifi-status HTTP/1.1" 200 186 "-" "ESP8266HTTPClient"
192.168.1.5 - - [14/Dec/2025:14:28:59 +0000] "POST /api/v1/device/wifi-status HTTP/1.1" 200 186 "-" "ESP8266HTTPClient"
192.168.1.5 - - [14/Dec/2025:14:29:02 +0000] "POST /api/v1/device/wifi-status HTTP/1.1" 200 186 "-" "ESP8266HTTPClient"
192.168.1.5 - - [14/Dec/2025:14:29:05 +0000] "POST /api/v1/device/wifi-status HTTP/1.1" 200 186 "-" "ESP8266HTTPClient"
192.168.1.5 - - [14/Dec/2025:14:29:08 +0000] "POST /api/v1/device/wifi-status HTTP/1.1" 200 186 "-" "ESP8266HTTPClient"
192.168.1.5 - - [14/Dec/2025:14:29:11 +0000] "POST /api/v1/device/wifi-status HTTP/1.1" 200 186 "-" "ESP8266HTTPClient"
192.168.1.5 - - [14/Dec/2025:14:29:14 +0000] "POST /api/v1/device/wifi-status HTTP/1.1" 200 186 "-" "ESP8266HTTPClient"
192.168.1.5 - - [14/Dec/2025:14:29:17 +0000] "POST /api/v1/device/wifi-status HTTP/1.1" 200 186 "-" "ESP8266HTTPClient"
192.168.1.5 - - [14/Dec/2025:14:29:21 +0000] "POST /api/v1/device/wifi-status HTTP/1.1" 200 186 "-" "ESP8266HTTPClient"
192.168.1.5 - - [14/Dec/2025:14:29:24 +0000] "POST /api/v1/device/wifi-status HTTP/1.1" 200 186 "-" "ESP8266HTTPClient"
192.168.1.5 - - [14/Dec/2025:14:29:27 +0000] "POST /api/v1/device/wifi-status HTTP/1.1" 200 186 "-" "ESP8266HTTPClient"
192.168.1.5 - - [14/Dec/2025:14:29:30 +0000] "POST /api/v1/device/wifi-status HTTP/1.1" 200 186 "-" "ESP8266HTTPClient"
192.168.1.5 - - [14/Dec/2025:14:29:33 +0000] "POST /api/v1/device/wifi-status HTTP/1.1" 200 186 "-" "ESP8266HTTPClient"
192.168.1.5 - - [14/Dec/2025:14:29:36 +0000] "POST /api/v1/device/wifi-status HTTP/1.1" 200 186 "-" "ESP8266HTTPClient"
192.168.1.5 - - [14/Dec/2025:14:29:39 +0000] "POST /api/v1/device/wifi-status HTTP/1.1" 200 186 "-" "ESP8266HTTPClient"
192.168.1.5 - - [14/Dec/2025:14:29:42 +0000] "POST /api/v1/device/wifi-status HTTP/1.1" 200 186 "-" "ESP8266HTTPClient"
192.168.1.5 - - [14/Dec/2025:14:29:45 +0000] "POST /api/v1/device/wifi-status HTTP/1.1" 200 186 "-" "ESP8266HTTPClient"
192.168.1.5 - - [14/Dec/2025:14:29:48 +0000] "POST /api/v1/device/wifi-status HTTP/1.1" 200 186 "-" "ESP8266HTTPClient"
192.168.1.5 - - [14/Dec/2025:14:29:51 +0000] "POST /api/v1/device/wifi-status HTTP/1.1" 200 186 "-" "ESP8266HTTPClient"
192.168.1.5 - - [14/Dec/2025:14:29:55 +0000] "POST /api/v1/device/wifi-status HTTP/1.1" 200 186 "-" "ESP8266HTTPClient"
192.168.1.5 - - [14/Dec/2025:14:29:58 +0000] "POST /api/v1/device/wifi-status HTTP/1.1" 200 186 "-" "ESP8266HTTPClient"
192.168.1.5 - - [14/Dec/2025:14:30:01 +0000] "POST /api/v1/device/wifi-status HTTP/1.1" 200 186 "-" "ESP8266HTTPClient"
192.168.1.5 - - [14/Dec/2025:14:30:04 +0000] "POST /api/v1/device/wifi-status HTTP/1.1" 200 186 "-" "ESP8266HTTPClient"
192.168.1.5 - - [14/Dec/2025:14:30:07 +0000] "POST /api/v1/device/wifi-status HTTP/1.1" 200 186 "-" "ESP8266HTTPClient"
192.168.1.5 - - [14/Dec/2025:14:30:10 +0000] "POST /api/v1/device/wifi-status HTTP/1.1" 200 186 "-" "ESP8266HTTPClient"
192.168.1.5 - - [14/Dec/2025:14:30:13 +0000] "POST /api/v1/device/wifi-status HTTP/1.1" 200 186 "-" "ESP8266HTTPClient"
192.168.1.5 - - [14/Dec/2025:14:30:16 +0000] "POST /api/v1/device/wifi-status HTTP/1.1" 200 186 "-" "ESP8266HTTPClient"
192.168.1.5 - - [14/Dec/2025:14:30:19 +0000] "POST /api/v1/device/wifi-status HTTP/1.1" 200 186 "-" "ESP8266HTTPClient"
192.168.1.5 - - [14/Dec/2025:14:30:22 +0000] "POST /api/v1/device/wifi-status HTTP/1.1" 200 186 "-" "ESP8266HTTPClient"
192.168.1.5 - - [14/Dec/2025:14:30:26 +0000] "POST /api/v1/device/wifi-status HTTP/1.1" 200 186 "-" "ESP8266HTTPClient"
192.168.1.5 - - [14/Dec/2025:14:30:29 +0000] "POST /api/v1/device/wifi-status HTTP/1.1" 200 186 "-" "ESP8266HTTPClient"
192.168.1.5 - - [14/Dec/2025:14:30:32 +0000] "POST /api/v1/device/wifi-status HTTP/1.1" 200 186 "-" "ESP8266HTTPClient"
192.168.1.5 - - [14/Dec/2025:14:30:35 +0000] "POST /api/v1/device/wifi-status HTTP/1.1" 200 186 "-" "ESP8266HTTPClient"
192.168.1.5 - - [14/Dec/2025:14:30:38 +0000] "POST /api/v1/device/wifi-status HTTP/1.1" 200 186 "-" "ESP8266HTTPClient"
192.168.1.5 - - [14/Dec/2025:14:30:41 +0000] "POST /api/v1/device/wifi-status HTTP/1.1" 200 186 "-" "ESP8266HTTPClient"
192.168.1.5 - - [14/Dec/2025:14:30:44 +0000] "POST /api/v1/device/wifi-status HTTP/1.1" 200 186 "-" "ESP8266HTTPClient"
192.168.1.5 - - [14/Dec/2025:14:30:47 +0000] "POST /api/v1/device/wifi-status HTTP/1.1" 200 186 "-" "ESP8266HTTPClient"
192.168.1.5 - - [14/Dec/2025:14:30:51 +0000] "POST /api/v1/device/wifi-status HTTP/1.1" 200 186 "-" "ESP8266HTTPClient"
192.168.1.5 - - [14/Dec/2025:14:30:54 +0000] "POST /api/v1/device/wifi-status HTTP/1.1" 200 186 "-" "ESP8266HTTPClient"
192.168.1.5 - - [14/Dec/2025:14:30:57 +0000] "POST /api/v1/device/wifi-status HTTP/1.1" 200 186 "-" "ESP8266HTTPClient"
192.168.1.5 - - [14/Dec/2025:14:31:00 +0000] "POST /api/v1/device/wifi-status HTTP/1.1" 200 186 "-" "ESP8266HTTPClient"
192.168.1.5 - - [14/Dec/2025:14:31:03 +0000] "POST /api/v1/device/wifi-status HTTP/1.1" 200 186 "-" "ESP8266HTTPClient"
192.168.1.5 - - [14/Dec/2025:14:31:06 +0000] "POST /api/v1/device/wifi-status HTTP/1.1" 200 186 "-" "ESP8266HTTPClient"
192.168.1.5 - - [14/Dec/2025:14:31:09 +0000] "POST /api/v1/device/wifi-status HTTP/1.1" 200 186 "-" "ESP8266HTTPClient"
192.168.1.5 - - [14/Dec/2025:14:31:12 +0000] "POST /api/v1/device/wifi-status HTTP/1.1" 200 186 "-" "ESP8266HTTPClient"
192.168.1.5 - - [14/Dec/2025:14:31:15 +0000] "POST /api/v1/device/wifi-status HTTP/1.1" 200 186 "-" "ESP8266HTTPClient"
192.168.1.5 - - [14/Dec/2025:14:31:18 +0000] "POST /api/v1/device/wifi-status HTTP/1.1" 200 186 "-" "ESP8266HTTPClient"
192.168.1.5 - - [14/Dec/2025:14:31:21 +0000] "POST /api/v1/device/wifi-status HTTP/1.1" 200 186 "-" "ESP8266HTTPClient"
192.168.1.5 - - [14/Dec/2025:14:31:24 +0000] "POST /api/v1/device/wifi-status HTTP/1.1" 200 186 "-" "ESP8266HTTPClient"
192.168.1.5 - - [14/Dec/2025:14:31:28 +0000] "POST /api/v1/device/wifi-status HTTP/1.1" 200 186 "-" "ESP8266HTTPClient"
192.168.1.5 - - [14/Dec/2025:14:31:31 +0000] "POST /api/v1/device/wifi-status HTTP/1.1" 200 186 "-" "ESP8266HTTPClient"
192.168.1.5 - - [14/Dec/2025:14:31:34 +0000] "POST /api/v1/device/wifi-status HTTP/1.1" 200 186 "-" "ESP8266HTTPClient"
192.168.1.5 - - [14/Dec/2025:14:31:37 +0000] "POST /api/v1/device/wifi-status HTTP/1.1" 200 186 "-" "ESP8266HTTPClient"
192.168.1.5 - - [14/Dec/2025:14:31:40 +0000] "POST /api/v1/device/wifi-status HTTP/1.1" 200 186 "-" "ESP8266HTTPClient"
192.168.1.5 - - [14/Dec/2025:14:31:43 +0000] "POST /api/v1/device/wifi-status HTTP/1.1" 200 186 "-" "ESP8266HTTPClient"
192.168.1.5 - - [14/Dec/2025:14:31:46 +0000] "POST /api/v1/device/wifi-status HTTP/1.1" 200 186 "-" "ESP8266HTTPClient"
192.168.1.5 - - [14/Dec/2025:14:31:49 +0000] "POST /api/v1/device/wifi-status HTTP/1.1" 200 186 "-" "ESP8266HTTPClient"
192.168.1.5 - - [14/Dec/2025:14:31:52 +0000] "POST /api/v1/device/wifi-status HTTP/1.1" 200 186 "-" "ESP8266HTTPClient"
192.168.1.5 - - [14/Dec/2025:14:31:55 +0000] "POST /api/v1/device/wifi-status HTTP/1.1" 200 186 "-" "ESP8266HTTPClient"
192.168.1.5 - - [14/Dec/2025:14:31:58 +0000] "POST /api/v1/device/wifi-status HTTP/1.1" 200 186 "-" "ESP8266HTTPClient"
192.168.1.5 - - [14/Dec/2025:14:32:02 +0000] "POST /api/v1/device/wifi-status HTTP/1.1" 200 186 "-" "ESP8266HTTPClient"
192.168.1.5 - - [14/Dec/2025:14:32:05 +0000] "POST /api/v1/device/wifi-status HTTP/1.1" 200 186 "-" "ESP8266HTTPClient"
192.168.1.5 - - [14/Dec/2025:14:32:08 +0000] "POST /api/v1/device/wifi-status HTTP/1.1" 200 186 "-" "ESP8266HTTPClient"
192.168.1.5 - - [14/Dec/2025:14:32:11 +0000] "POST /api/v1/device/wifi-status HTTP/1.1" 200 186 "-" "ESP8266HTTPClient"
192.168.1.5 - - [14/Dec/2025:14:32:14 +0000] "POST /api/v1/device/wifi-status HTTP/1.1" 200 186 "-" "ESP8266HTTPClient"
192.168.1.5 - - [14/Dec/2025:14:32:17 +0000] "POST /api/v1/device/wifi-status HTTP/1.1" 200 186 "-" "ESP8266HTTPClient"
192.168.1.5 - - [14/Dec/2025:14:32:20 +0000] "POST /api/v1/device/wifi-status HTTP/1.1" 200 186 "-" "ESP8266HTTPClient"
192.168.1.5 - - [14/Dec/2025:14:32:23 +0000] "POST /api/v1/device/wifi-status HTTP/1.1" 200 186 "-" "ESP8266HTTPClient"
192.168.1.5 - - [14/Dec/2025:14:32:26 +0000] "POST /api/v1/device/wifi-status HTTP/1.1" 200 186 "-" "ESP8266HTTPClient"
192.168.1.5 - - [14/Dec/2025:14:32:29 +0000] "POST /api/v1/device/wifi-status HTTP/1.1" 200 186 "-" "ESP8266HTTPClient"
192.168.1.5 - - [14/Dec/2025:14:32:32 +0000] "POST /api/v1/device/wifi-status HTTP/1.1" 200 186 "-" "ESP8266HTTPClient"
192.168.1.5 - - [14/Dec/2025:14:32:36 +0000] "POST /api/v1/device/wifi-status HTTP/1.1" 200 186 "-" "ESP8266HTTPClient"
192.168.1.5 - - [14/Dec/2025:14:32:39 +0000] "POST /api/v1/device/wifi-status HTTP/1.1" 200 186 "-" "ESP8266HTTPClient"
192.168.1.5 - - [14/Dec/2025:14:32:42 +0000] "POST /api/v1/device/wifi-status HTTP/1.1" 200 186 "-" "ESP8266HTTPClient"
192.168.1.5 - - [14/Dec/2025:14:32:45 +0000] "POST /api/v1/device/wifi-status HTTP/1.1" 200 186 "-" "ESP8266HTTPClient"
192.168.1.5 - - [14/Dec/2025:14:32:48 +0000] "POST /api/v1/device/wifi-status HTTP/1.1" 200 186 "-" "ESP8266HTTPClient"
192.168.1.4 - - [14/Dec/2025:14:33:24 +0000] "GET /api/v1/device/wifi-status HTTP/1.1" 200 169 "-" "PostmanRuntime/7.49.1"
192.168.1.4 - - [14/Dec/2025:14:33:26 +0000] "GET /api/v1/device/wifi-status HTTP/1.1" 200 169 "-" "PostmanRuntime/7.49.1"
192.168.1.3 - - [14/Dec/2025:16:21:26 +0000] "GET /api/v1/device/wifi-status HTTP/1.1" 404 88 "-" "PostmanRuntime/7.49.1"
192.168.1.3 - - [14/Dec/2025:16:21:39 +0000] "GET /api/v1/device/wifi-status HTTP/1.1" 404 88 "-" "PostmanRuntime/7.49.1"
192.168.4.1 - - [14/Dec/2025:16:22:38 +0000] "POST /api/v1/device/recive-wifi-scan-data HTTP/1.1" 200 126 "-" "ESP8266HTTPClient"
192.168.4.1 - - [14/Dec/2025:16:22:56 +0000] "POST /api/v1/device/recive-wifi-scan-data HTTP/1.1" 200 126 "-" "ESP8266HTTPClient"
192.168.4.2 - - [14/Dec/2025:16:23:10 +0000] "GET /api/v1/device/recive-wifi-scan-data HTTP/1.1" 200 271 "-" "PostmanRuntime/7.49.1"
192.168.4.1 - - [14/Dec/2025:16:23:14 +0000] "POST /api/v1/device/recive-wifi-scan-data HTTP/1.1" 200 126 "-" "ESP8266HTTPClient"
192.168.4.2 - - [14/Dec/2025:16:23:22 +0000] "POST /api/v1/device/connect-wifi HTTP/1.1" 200 107 "-" "PostmanRuntime/7.49.1"
192.168.1.5 - - [14/Dec/2025:16:24:09 +0000] "POST /api/v1/device/wifi-status HTTP/1.1" 200 186 "-" "ESP8266HTTPClient"
192.168.1.3 - - [14/Dec/2025:16:24:20 +0000] "GET /api/v1/device/wifi-status HTTP/1.1" 200 169 "-" "PostmanRuntime/7.49.1"
192.168.1.5 - - [14/Dec/2025:16:24:39 +0000] "POST /api/v1/device/wifi-status HTTP/1.1" 200 186 "-" "ESP8266HTTPClient"
192.168.1.5 - - [14/Dec/2025:16:25:09 +0000] "POST /api/v1/device/wifi-status HTTP/1.1" 200 186 "-" "ESP8266HTTPClient"
192.168.1.5 - - [14/Dec/2025:16:25:39 +0000] "POST /api/v1/device/wifi-status HTTP/1.1" 200 186 "-" "ESP8266HTTPClient"
192.168.1.3 - - [14/Dec/2025:16:25:59 +0000] "GET /api/v1/device/wifi-status HTTP/1.1" 200 169 "-" "PostmanRuntime/7.49.1"
192.168.1.3 - - [14/Dec/2025:16:26:01 +0000] "GET /api/v1/device/wifi-status HTTP/1.1" 200 169 "-" "PostmanRuntime/7.49.1"
192.168.1.5 - - [14/Dec/2025:16:26:09 +0000] "POST /api/v1/device/wifi-status HTTP/1.1" 200 186 "-" "ESP8266HTTPClient"
192.168.1.3 - - [14/Dec/2025:16:26:40 +0000] "GET /api/v1/device/wifi-status HTTP/1.1" 200 169 "-" "PostmanRuntime/7.49.1"
192.168.1.3 - - [14/Dec/2025:16:26:54 +0000] "GET /api/v1/device/wifi-status HTTP/1.1" 404 88 "-" "PostmanRuntime/7.49.1"
192.168.4.1 - - [14/Dec/2025:16:46:28 +0000] "POST /api/v1/device/recive-wifi-scan-data HTTP/1.1" 200 126 "-" "ESP8266HTTPClient"
192.168.4.1 - - [14/Dec/2025:16:46:45 +0000] "POST /api/v1/device/recive-wifi-scan-data HTTP/1.1" 200 126 "-" "ESP8266HTTPClient"
192.168.4.2 - - [14/Dec/2025:16:46:57 +0000] "GET /api/v1/device/recive-wifi-scan-data HTTP/1.1" 200 457 "-" "PostmanRuntime/7.49.1"
192.168.4.1 - - [14/Dec/2025:16:47:03 +0000] "POST /api/v1/device/recive-wifi-scan-data HTTP/1.1" 200 126 "-" "ESP8266HTTPClient"
192.168.4.2 - - [14/Dec/2025:16:47:15 +0000] "POST /api/v1/device/connect-wifi HTTP/1.1" 200 107 "-" "PostmanRuntime/7.49.1"
192.168.4.1 - - [14/Dec/2025:16:47:58 +0000] "POST /api/v1/device/recive-wifi-scan-data HTTP/1.1" 200 126 "-" "ESP8266HTTPClient"
192.168.4.1 - - [14/Dec/2025:17:03:59 +0000] "POST /api/v1/device/recive-wifi-scan-data HTTP/1.1" 200 127 "-" "ESP8266HTTPClient"
192.168.4.2 - - [14/Dec/2025:17:04:14 +0000] "GET /api/v1/device/recive-wifi-scan-data HTTP/1.1" 200 571 "-" "PostmanRuntime/7.49.1"
192.168.4.1 - - [14/Dec/2025:17:04:17 +0000] "POST /api/v1/device/recive-wifi-scan-data HTTP/1.1" 200 127 "-" "ESP8266HTTPClient"
192.168.4.2 - - [14/Dec/2025:17:04:24 +0000] "POST /api/v1/device/connect-wifi HTTP/1.1" 200 107 "-" "PostmanRuntime/7.49.1"
192.168.4.1 - - [14/Dec/2025:17:16:59 +0000] "POST /api/v1/device/recive-wifi-scan-data HTTP/1.1" 200 127 "-" "ESP8266HTTPClient"
192.168.4.2 - - [14/Dec/2025:17:17:11 +0000] "POST /api/v1/device/connect-wifi HTTP/1.1" 200 107 "-" "PostmanRuntime/7.49.1"
192.168.4.1 - - [14/Dec/2025:17:17:33 +0000] "POST /api/v1/device/wifi-status HTTP/1.1" 200 184 "-" "ESP8266HTTPClient"
192.168.4.1 - - [14/Dec/2025:17:17:36 +0000] "POST /api/v1/device/recive-wifi-scan-data HTTP/1.1" 200 127 "-" "ESP8266HTTPClient"
192.168.4.1 - - [14/Dec/2025:17:17:54 +0000] "POST /api/v1/device/recive-wifi-scan-data HTTP/1.1" 200 127 "-" "ESP8266HTTPClient"
192.168.4.2 - - [14/Dec/2025:17:17:59 +0000] "GET /api/v1/device/wifi-status HTTP/1.1" 200 167 "-" "PostmanRuntime/7.49.1"
192.168.4.1 - - [14/Dec/2025:17:18:12 +0000] "POST /api/v1/device/recive-wifi-scan-data HTTP/1.1" 200 127 "-" "ESP8266HTTPClient"
192.168.4.1 - - [14/Dec/2025:17:18:30 +0000] "POST /api/v1/device/recive-wifi-scan-data HTTP/1.1" 200 127 "-" "ESP8266HTTPClient"
192.168.4.1 - - [14/Dec/2025:17:18:48 +0000] "POST /api/v1/device/recive-wifi-scan-data HTTP/1.1" 200 127 "-" "ESP8266HTTPClient"
192.168.4.2 - - [14/Dec/2025:17:18:48 +0000] "POST /api/v1/device/connect-wifi HTTP/1.1" 200 107 "-" "PostmanRuntime/7.49.1"
192.168.4.2 - - [14/Dec/2025:17:19:02 +0000] "GET /api/v1/device/wifi-status HTTP/1.1" 200 167 "-" "PostmanRuntime/7.49.1"
192.168.4.2 - - [14/Dec/2025:17:19:04 +0000] "GET /api/v1/device/wifi-status HTTP/1.1" 200 167 "-" "PostmanRuntime/7.49.1"
192.168.4.1 - - [14/Dec/2025:17:24:39 +0000] "POST /api/v1/device/recive-wifi-scan-data HTTP/1.1" 200 127 "-" "ESP8266HTTPClient"
192.168.4.2 - - [14/Dec/2025:17:24:40 +0000] "POST /api/v1/device/connect-wifi HTTP/1.1" 200 107 "-" "PostmanRuntime/7.49.1"
192.168.4.1 - - [14/Dec/2025:17:25:05 +0000] "POST /api/v1/device/recive-wifi-scan-data HTTP/1.1" 200 127 "-" "ESP8266HTTPClient"
192.168.4.2 - - [14/Dec/2025:17:25:23 +0000] "GET /api/v1/device/wifi-status HTTP/1.1" 404 88 "-" "PostmanRuntime/7.49.1"
192.168.4.1 - - [14/Dec/2025:17:25:23 +0000] "POST /api/v1/device/recive-wifi-scan-data HTTP/1.1" 200 127 "-" "ESP8266HTTPClient"
192.168.4.1 - - [14/Dec/2025:17:25:41 +0000] "POST /api/v1/device/recive-wifi-scan-data HTTP/1.1" 200 127 "-" "ESP8266HTTPClient"
192.168.4.1 - - [14/Dec/2025:17:26:02 +0000] "POST /api/v1/device/recive-wifi-scan-data HTTP/1.1" 200 127 "-" "ESP8266HTTPClient"
192.168.4.1 - - [14/Dec/2025:17:26:19 +0000] "POST /api/v1/device/recive-wifi-scan-data HTTP/1.1" 200 127 "-" "ESP8266HTTPClient"
192.168.4.1 - - [14/Dec/2025:17:29:05 +0000] "POST /api/v1/device/recive-wifi-scan-data HTTP/1.1" 200 127 "-" "ESP8266HTTPClient"
192.168.4.2 - - [14/Dec/2025:17:29:16 +0000] "GET /api/v1/device/wifi-status HTTP/1.1" 404 88 "-" "PostmanRuntime/7.49.1"
192.168.4.1 - - [14/Dec/2025:17:29:23 +0000] "POST /api/v1/device/recive-wifi-scan-data HTTP/1.1" 200 127 "-" "ESP8266HTTPClient"
192.168.4.2 - - [14/Dec/2025:17:29:25 +0000] "POST /api/v1/device/connect-wifi HTTP/1.1" 200 107 "-" "PostmanRuntime/7.49.1"
192.168.4.1 - - [14/Dec/2025:17:29:48 +0000] "POST /api/v1/device/wifi-status HTTP/1.1" 200 183 "-" "ESP8266HTTPClient"
192.168.4.1 - - [14/Dec/2025:17:29:50 +0000] "POST /api/v1/device/recive-wifi-scan-data HTTP/1.1" 200 127 "-" "ESP8266HTTPClient"
192.168.4.2 - - [14/Dec/2025:17:30:04 +0000] "GET /api/v1/device/wifi-status HTTP/1.1" 200 166 "-" "PostmanRuntime/7.49.1"
192.168.4.1 - - [14/Dec/2025:17:30:08 +0000] "POST /api/v1/device/recive-wifi-scan-data HTTP/1.1" 200 127 "-" "ESP8266HTTPClient"
192.168.4.2 - - [14/Dec/2025:17:30:14 +0000] "POST /api/v1/device/connect-wifi HTTP/1.1" 200 107 "-" "PostmanRuntime/7.49.1"
192.168.1.5 - - [14/Dec/2025:17:31:00 +0000] "POST /api/v1/device/wifi-status HTTP/1.1" 200 186 "-" "ESP8266HTTPClient"
192.168.1.3 - - [14/Dec/2025:17:31:05 +0000] "GET /api/v1/device/wifi-status HTTP/1.1" 200 169 "-" "PostmanRuntime/7.49.1"
192.168.4.2 - - [14/Dec/2025:17:37:33 +0000] "POST /api/v1/device/connect-wifi HTTP/1.1" 200 107 "-" "PostmanRuntime/7.49.1"
192.168.1.3 - - [14/Dec/2025:17:38:08 +0000] "GET /api/v1/device/wifi-status HTTP/1.1" 404 88 "-" "PostmanRuntime/7.49.1"
192.168.1.3 - - [14/Dec/2025:17:38:13 +0000] "GET /api/v1/device/wifi-status HTTP/1.1" 404 88 "-" "PostmanRuntime/7.49.1"
192.168.1.5 - - [14/Dec/2025:17:38:20 +0000] "POST /api/v1/device/wifi-status HTTP/1.1" 200 186 "-" "ESP8266HTTPClient"
192.168.1.3 - - [14/Dec/2025:17:38:28 +0000] "GET /api/v1/device/wifi-status HTTP/1.1" 200 169 "-" "PostmanRuntime/7.49.1"
192.168.1.5 - - [14/Dec/2025:17:38:54 +0000] "POST /api/v1/device/wifi-status HTTP/1.1" 200 186 "-" "ESP8266HTTPClient"
192.168.1.5 - - [14/Dec/2025:17:39:19 +0000] "POST /api/v1/device/wifi-status HTTP/1.1" 200 186 "-" "ESP8266HTTPClient"
192.168.1.5 - - [14/Dec/2025:17:39:49 +0000] "POST /api/v1/device/wifi-status HTTP/1.1" 200 186 "-" "ESP8266HTTPClient"
192.168.1.5 - - [14/Dec/2025:17:40:19 +0000] "POST /api/v1/device/wifi-status HTTP/1.1" 200 186 "-" "ESP8266HTTPClient"
192.168.1.5 - - [14/Dec/2025:17:40:49 +0000] "POST /api/v1/device/wifi-status HTTP/1.1" 200 186 "-" "ESP8266HTTPClient"
192.168.1.5 - - [14/Dec/2025:17:41:19 +0000] "POST /api/v1/device/wifi-status HTTP/1.1" 200 186 "-" "ESP8266HTTPClient"
192.168.1.5 - - [14/Dec/2025:17:41:49 +0000] "POST /api/v1/device/wifi-status HTTP/1.1" 200 186 "-" "ESP8266HTTPClient"
192.168.1.5 - - [14/Dec/2025:17:42:19 +0000] "POST /api/v1/device/wifi-status HTTP/1.1" 200 186 "-" "ESP8266HTTPClient"
192.168.1.5 - - [14/Dec/2025:17:42:49 +0000] "POST /api/v1/device/wifi-status HTTP/1.1" 200 186 "-" "ESP8266HTTPClient"
192.168.1.5 - - [14/Dec/2025:17:43:19 +0000] "POST /api/v1/device/wifi-status HTTP/1.1" 200 186 "-" "ESP8266HTTPClient"
192.168.1.5 - - [14/Dec/2025:17:43:49 +0000] "POST /api/v1/device/wifi-status HTTP/1.1" 200 186 "-" "ESP8266HTTPClient"
192.168.1.5 - - [14/Dec/2025:17:44:19 +0000] "POST /api/v1/device/wifi-status HTTP/1.1" 200 186 "-" "ESP8266HTTPClient"
192.168.1.5 - - [14/Dec/2025:17:44:49 +0000] "POST /api/v1/device/wifi-status HTTP/1.1" 200 186 "-" "ESP8266HTTPClient"
192.168.1.5 - - [14/Dec/2025:17:45:20 +0000] "POST /api/v1/device/wifi-status HTTP/1.1" 200 186 "-" "ESP8266HTTPClient"
192.168.1.5 - - [14/Dec/2025:17:45:50 +0000] "POST /api/v1/device/wifi-status HTTP/1.1" 200 186 "-" "ESP8266HTTPClient"
192.168.1.5 - - [14/Dec/2025:17:46:20 +0000] "POST /api/v1/device/wifi-status HTTP/1.1" 200 186 "-" "ESP8266HTTPClient"
192.168.1.5 - - [14/Dec/2025:17:46:50 +0000] "POST /api/v1/device/wifi-status HTTP/1.1" 200 186 "-" "ESP8266HTTPClient"
192.168.1.5 - - [14/Dec/2025:17:47:20 +0000] "POST /api/v1/device/wifi-status HTTP/1.1" 200 186 "-" "ESP8266HTTPClient"
192.168.1.5 - - [14/Dec/2025:17:47:50 +0000] "POST /api/v1/device/wifi-status HTTP/1.1" 200 186 "-" "ESP8266HTTPClient"
192.168.1.5 - - [14/Dec/2025:17:48:20 +0000] "POST /api/v1/device/wifi-status HTTP/1.1" 200 186 "-" "ESP8266HTTPClient"
192.168.1.5 - - [14/Dec/2025:17:48:50 +0000] "POST /api/v1/device/wifi-status HTTP/1.1" 200 186 "-" "ESP8266HTTPClient"
192.168.1.5 - - [14/Dec/2025:17:49:20 +0000] "POST /api/v1/device/wifi-status HTTP/1.1" 200 186 "-" "ESP8266HTTPClient"
192.168.1.5 - - [14/Dec/2025:17:49:50 +0000] "POST /api/v1/device/wifi-status HTTP/1.1" 200 186 "-" "ESP8266HTTPClient"
192.168.1.5 - - [14/Dec/2025:17:50:20 +0000] "POST /api/v1/device/wifi-status HTTP/1.1" 200 186 "-" "ESP8266HTTPClient"
192.168.1.5 - - [14/Dec/2025:17:50:50 +0000] "POST /api/v1/device/wifi-status HTTP/1.1" 200 186 "-" "ESP8266HTTPClient"
192.168.1.5 - - [14/Dec/2025:17:51:20 +0000] "POST /api/v1/device/wifi-status HTTP/1.1" 200 186 "-" "ESP8266HTTPClient"
192.168.1.5 - - [14/Dec/2025:17:51:50 +0000] "POST /api/v1/device/wifi-status HTTP/1.1" 200 186 "-" "ESP8266HTTPClient"
192.168.1.5 - - [14/Dec/2025:17:52:21 +0000] "POST /api/v1/device/wifi-status HTTP/1.1" 200 186 "-" "ESP8266HTTPClient"
192.168.1.5 - - [14/Dec/2025:17:52:51 +0000] "POST /api/v1/device/wifi-status HTTP/1.1" 200 186 "-" "ESP8266HTTPClient"
192.168.1.5 - - [14/Dec/2025:17:53:21 +0000] "POST /api/v1/device/wifi-status HTTP/1.1" 200 186 "-" "ESP8266HTTPClient"
192.168.1.5 - - [14/Dec/2025:17:53:51 +0000] "POST /api/v1/device/wifi-status HTTP/1.1" 200 186 "-" "ESP8266HTTPClient"
192.168.1.5 - - [14/Dec/2025:17:54:21 +0000] "POST /api/v1/device/wifi-status HTTP/1.1" 200 186 "-" "ESP8266HTTPClient"
192.168.1.5 - - [14/Dec/2025:17:54:51 +0000] "POST /api/v1/device/wifi-status HTTP/1.1" 200 186 "-" "ESP8266HTTPClient"
192.168.1.5 - - [14/Dec/2025:17:55:21 +0000] "POST /api/v1/device/wifi-status HTTP/1.1" 200 186 "-" "ESP8266HTTPClient"
192.168.1.5 - - [14/Dec/2025:17:55:51 +0000] "POST /api/v1/device/wifi-status HTTP/1.1" 200 186 "-" "ESP8266HTTPClient"
192.168.1.5 - - [14/Dec/2025:17:56:21 +0000] "POST /api/v1/device/wifi-status HTTP/1.1" 200 186 "-" "ESP8266HTTPClient"
192.168.1.5 - - [14/Dec/2025:17:56:51 +0000] "POST /api/v1/device/wifi-status HTTP/1.1" 200 186 "-" "ESP8266HTTPClient"
192.168.1.5 - - [14/Dec/2025:17:57:21 +0000] "POST /api/v1/device/wifi-status HTTP/1.1" 200 186 "-" "ESP8266HTTPClient"
192.168.1.5 - - [14/Dec/2025:17:57:51 +0000] "POST /api/v1/device/wifi-status HTTP/1.1" 200 186 "-" "ESP8266HTTPClient"
192.168.1.5 - - [14/Dec/2025:17:58:21 +0000] "POST /api/v1/device/wifi-status HTTP/1.1" 200 186 "-" "ESP8266HTTPClient"
192.168.1.5 - - [14/Dec/2025:17:58:52 +0000] "POST /api/v1/device/wifi-status HTTP/1.1" 200 186 "-" "ESP8266HTTPClient"
192.168.1.5 - - [14/Dec/2025:17:59:22 +0000] "POST /api/v1/device/wifi-status HTTP/1.1" 200 186 "-" "ESP8266HTTPClient"
192.168.1.5 - - [14/Dec/2025:17:59:52 +0000] "POST /api/v1/device/wifi-status HTTP/1.1" 200 186 "-" "ESP8266HTTPClient"
192.168.1.5 - - [14/Dec/2025:18:00:22 +0000] "POST /api/v1/device/wifi-status HTTP/1.1" 200 186 "-" "ESP8266HTTPClient"
192.168.1.5 - - [14/Dec/2025:18:00:52 +0000] "POST /api/v1/device/wifi-status HTTP/1.1" 200 186 "-" "ESP8266HTTPClient"
192.168.1.5 - - [14/Dec/2025:18:01:22 +0000] "POST /api/v1/device/wifi-status HTTP/1.1" 200 186 "-" "ESP8266HTTPClient"
192.168.1.5 - - [14/Dec/2025:18:01:52 +0000] "POST /api/v1/device/wifi-status HTTP/1.1" 200 186 "-" "ESP8266HTTPClient"
192.168.1.5 - - [14/Dec/2025:18:02:22 +0000] "POST /api/v1/device/wifi-status HTTP/1.1" 200 186 "-" "ESP8266HTTPClient"
192.168.1.5 - - [14/Dec/2025:18:02:52 +0000] "POST /api/v1/device/wifi-status HTTP/1.1" 200 186 "-" "ESP8266HTTPClient"
192.168.1.5 - - [14/Dec/2025:18:03:22 +0000] "POST /api/v1/device/wifi-status HTTP/1.1" 200 186 "-" "ESP8266HTTPClient"
192.168.1.5 - - [14/Dec/2025:18:03:52 +0000] "POST /api/v1/device/wifi-status HTTP/1.1" 200 186 "-" "ESP8266HTTPClient"
192.168.1.5 - - [14/Dec/2025:18:04:22 +0000] "POST /api/v1/device/wifi-status HTTP/1.1" 200 186 "-" "ESP8266HTTPClient"
192.168.1.5 - - [14/Dec/2025:18:04:52 +0000] "POST /api/v1/device/wifi-status HTTP/1.1" 200 186 "-" "ESP8266HTTPClient"
192.168.1.5 - - [14/Dec/2025:18:05:23 +0000] "POST /api/v1/device/wifi-status HTTP/1.1" 200 186 "-" "ESP8266HTTPClient"
192.168.1.5 - - [14/Dec/2025:18:05:53 +0000] "POST /api/v1/device/wifi-status HTTP/1.1" 200 186 "-" "ESP8266HTTPClient"
192.168.1.5 - - [14/Dec/2025:18:06:23 +0000] "POST /api/v1/device/wifi-status HTTP/1.1" 200 186 "-" "ESP8266HTTPClient"
192.168.1.5 - - [14/Dec/2025:18:06:53 +0000] "POST /api/v1/device/wifi-status HTTP/1.1" 200 186 "-" "ESP8266HTTPClient"
192.168.1.5 - - [14/Dec/2025:18:07:23 +0000] "POST /api/v1/device/wifi-status HTTP/1.1" 200 186 "-" "ESP8266HTTPClient"
192.168.1.5 - - [14/Dec/2025:18:07:53 +0000] "POST /api/v1/device/wifi-status HTTP/1.1" 200 186 "-" "ESP8266HTTPClient"
192.168.1.5 - - [14/Dec/2025:18:08:23 +0000] "POST /api/v1/device/wifi-status HTTP/1.1" 200 186 "-" "ESP8266HTTPClient"
192.168.1.5 - - [14/Dec/2025:18:08:53 +0000] "POST /api/v1/device/wifi-status HTTP/1.1" 200 186 "-" "ESP8266HTTPClient"
192.168.1.5 - - [14/Dec/2025:18:09:23 +0000] "POST /api/v1/device/wifi-status HTTP/1.1" 200 186 "-" "ESP8266HTTPClient"
192.168.1.5 - - [14/Dec/2025:18:09:53 +0000] "POST /api/v1/device/wifi-status HTTP/1.1" 200 186 "-" "ESP8266HTTPClient"
192.168.1.5 - - [14/Dec/2025:18:10:23 +0000] "POST /api/v1/device/wifi-status HTTP/1.1" 200 186 "-" "ESP8266HTTPClient"
192.168.1.5 - - [14/Dec/2025:18:10:56 +0000] "POST /api/v1/device/wifi-status HTTP/1.1" 200 186 "-" "ESP8266HTTPClient"
192.168.1.5 - - [14/Dec/2025:18:11:27 +0000] "POST /api/v1/device/wifi-status HTTP/1.1" 200 186 "-" "ESP8266HTTPClient"
192.168.1.5 - - [14/Dec/2025:18:11:57 +0000] "POST /api/v1/device/wifi-status HTTP/1.1" 200 186 "-" "ESP8266HTTPClient"
192.168.1.5 - - [14/Dec/2025:18:12:27 +0000] "POST /api/v1/device/wifi-status HTTP/1.1" 200 186 "-" "ESP8266HTTPClient"
192.168.1.5 - - [14/Dec/2025:18:12:57 +0000] "POST /api/v1/device/wifi-status HTTP/1.1" 200 186 "-" "ESP8266HTTPClient"
192.168.1.5 - - [14/Dec/2025:18:13:27 +0000] "POST /api/v1/device/wifi-status HTTP/1.1" 200 186 "-" "ESP8266HTTPClient"
192.168.1.5 - - [14/Dec/2025:18:13:57 +0000] "POST /api/v1/device/wifi-status HTTP/1.1" 200 186 "-" "ESP8266HTTPClient"
192.168.1.5 - - [14/Dec/2025:18:14:27 +0000] "POST /api/v1/device/wifi-status HTTP/1.1" 200 186 "-" "ESP8266HTTPClient"
192.168.1.5 - - [14/Dec/2025:18:14:57 +0000] "POST /api/v1/device/wifi-status HTTP/1.1" 200 186 "-" "ESP8266HTTPClient"
192.168.1.5 - - [14/Dec/2025:18:15:27 +0000] "POST /api/v1/device/wifi-status HTTP/1.1" 200 186 "-" "ESP8266HTTPClient"
192.168.1.5 - - [14/Dec/2025:18:15:57 +0000] "POST /api/v1/device/wifi-status HTTP/1.1" 200 186 "-" "ESP8266HTTPClient"
192.168.1.5 - - [14/Dec/2025:18:16:28 +0000] "POST /api/v1/device/wifi-status HTTP/1.1" 200 186 "-" "ESP8266HTTPClient"
192.168.1.3 - - [14/Dec/2025:18:16:36 +0000] "GET /api/v1/device/wifi-status HTTP/1.1" 200 169 "-" "PostmanRuntime/7.49.1"
192.168.1.3 - - [14/Dec/2025:18:16:53 +0000] "GET /server-ip HTTP/1.1" 404 81 "-" "PostmanRuntime/7.49.1"
192.168.1.5 - - [14/Dec/2025:18:16:58 +0000] "POST /api/v1/device/wifi-status HTTP/1.1" 200 186 "-" "ESP8266HTTPClient"
192.168.1.3 - - [14/Dec/2025:18:17:10 +0000] "GET /api/v1/server-ip HTTP/1.1" 404 88 "-" "PostmanRuntime/7.49.1"
192.168.1.3 - - [14/Dec/2025:18:17:14 +0000] "GET /api/server-ip HTTP/1.1" 404 85 "-" "PostmanRuntime/7.49.1"
192.168.1.5 - - [14/Dec/2025:18:17:28 +0000] "POST /api/v1/device/wifi-status HTTP/1.1" 200 186 "-" "ESP8266HTTPClient"
192.168.1.5 - - [14/Dec/2025:18:17:58 +0000] "POST /api/v1/device/wifi-status HTTP/1.1" 200 186 "-" "ESP8266HTTPClient"
192.168.1.5 - - [14/Dec/2025:18:18:28 +0000] "POST /api/v1/device/wifi-status HTTP/1.1" 200 186 "-" "ESP8266HTTPClient"
192.168.1.5 - - [14/Dec/2025:18:18:58 +0000] "POST /api/v1/device/wifi-status HTTP/1.1" 200 186 "-" "ESP8266HTTPClient"
192.168.1.5 - - [14/Dec/2025:18:19:28 +0000] "POST /api/v1/device/wifi-status HTTP/1.1" 200 186 "-" "ESP8266HTTPClient"
192.168.1.5 - - [14/Dec/2025:18:19:58 +0000] "POST /api/v1/device/wifi-status HTTP/1.1" 200 186 "-" "ESP8266HTTPClient"
192.168.1.5 - - [14/Dec/2025:18:20:28 +0000] "POST /api/v1/device/wifi-status HTTP/1.1" 200 186 "-" "ESP8266HTTPClient"
192.168.1.5 - - [14/Dec/2025:18:21:33 +0000] "POST /api/v1/device/wifi-status HTTP/1.1" 200 186 "-" "ESP8266HTTPClient"
192.168.1.5 - - [14/Dec/2025:18:22:03 +0000] "POST /api/v1/device/wifi-status HTTP/1.1" 200 186 "-" "ESP8266HTTPClient"
192.168.1.5 - - [14/Dec/2025:18:22:33 +0000] "POST /api/v1/device/wifi-status HTTP/1.1" 200 186 "-" "ESP8266HTTPClient"
192.168.1.5 - - [14/Dec/2025:18:23:03 +0000] "POST /api/v1/device/wifi-status HTTP/1.1" 200 186 "-" "ESP8266HTTPClient"
192.168.1.5 - - [14/Dec/2025:18:23:33 +0000] "POST /api/v1/device/wifi-status HTTP/1.1" 200 186 "-" "ESP8266HTTPClient"
192.168.1.5 - - [14/Dec/2025:18:24:04 +0000] "POST /api/v1/device/wifi-status HTTP/1.1" 200 186 "-" "ESP8266HTTPClient"
192.168.1.5 - - [14/Dec/2025:18:24:34 +0000] "POST /api/v1/device/wifi-status HTTP/1.1" 200 186 "-" "ESP8266HTTPClient"
192.168.1.5 - - [14/Dec/2025:18:25:04 +0000] "POST /api/v1/device/wifi-status HTTP/1.1" 200 186 "-" "ESP8266HTTPClient"
192.168.1.3 - - [14/Dec/2025:18:25:18 +0000] "GET /api/v1/device/server-ip HTTP/1.1" 200 79 "-" "PostmanRuntime/7.49.1"
192.168.1.5 - - [14/Dec/2025:18:25:34 +0000] "POST /api/v1/device/wifi-status HTTP/1.1" 200 186 "-" "ESP8266HTTPClient"
192.168.1.5 - - [14/Dec/2025:18:26:04 +0000] "POST /api/v1/device/wifi-status HTTP/1.1" 200 186 "-" "ESP8266HTTPClient"
192.168.1.5 - - [14/Dec/2025:18:26:34 +0000] "POST /api/v1/device/wifi-status HTTP/1.1" 200 186 "-" "ESP8266HTTPClient"
192.168.1.5 - - [14/Dec/2025:18:27:04 +0000] "POST /api/v1/device/wifi-status HTTP/1.1" 200 186 "-" "ESP8266HTTPClient"
192.168.1.5 - - [14/Dec/2025:18:27:34 +0000] "POST /api/v1/device/wifi-status HTTP/1.1" 200 186 "-" "ESP8266HTTPClient"
192.168.1.5 - - [14/Dec/2025:18:28:04 +0000] "POST /api/v1/device/wifi-status HTTP/1.1" 200 186 "-" "ESP8266HTTPClient"
192.168.1.5 - - [14/Dec/2025:18:28:34 +0000] "POST /api/v1/device/wifi-status HTTP/1.1" 200 186 "-" "ESP8266HTTPClient"
192.168.1.5 - - [14/Dec/2025:18:29:05 +0000] "POST /api/v1/device/wifi-status HTTP/1.1" 200 186 "-" "ESP8266HTTPClient"
192.168.1.5 - - [14/Dec/2025:18:29:35 +0000] "POST /api/v1/device/wifi-status HTTP/1.1" 200 186 "-" "ESP8266HTTPClient"
192.168.1.5 - - [14/Dec/2025:18:30:05 +0000] "POST /api/v1/device/wifi-status HTTP/1.1" 200 186 "-" "ESP8266HTTPClient"
192.168.1.5 - - [14/Dec/2025:18:30:35 +0000] "POST /api/v1/device/wifi-status HTTP/1.1" 200 186 "-" "ESP8266HTTPClient"
192.168.1.5 - - [14/Dec/2025:18:31:05 +0000] "POST /api/v1/device/wifi-status HTTP/1.1" 200 186 "-" "ESP8266HTTPClient"
192.168.1.5 - - [14/Dec/2025:18:31:35 +0000] "POST /api/v1/device/wifi-status HTTP/1.1" 200 186 "-" "ESP8266HTTPClient"
192.168.1.5 - - [14/Dec/2025:18:32:05 +0000] "POST /api/v1/device/wifi-status HTTP/1.1" 200 186 "-" "ESP8266HTTPClient"
192.168.1.5 - - [14/Dec/2025:18:32:35 +0000] "POST /api/v1/device/wifi-status HTTP/1.1" 200 186 "-" "ESP8266HTTPClient"
192.168.1.5 - - [14/Dec/2025:18:33:05 +0000] "POST /api/v1/device/wifi-status HTTP/1.1" 200 186 "-" "ESP8266HTTPClient"
192.168.1.5 - - [14/Dec/2025:18:33:35 +0000] "POST /api/v1/device/wifi-status HTTP/1.1" 200 186 "-" "ESP8266HTTPClient"
192.168.1.5 - - [14/Dec/2025:18:34:05 +0000] "POST /api/v1/device/wifi-status HTTP/1.1" 200 186 "-" "ESP8266HTTPClient"
192.168.1.5 - - [14/Dec/2025:18:34:35 +0000] "POST /api/v1/device/wifi-status HTTP/1.1" 200 186 "-" "ESP8266HTTPClient"
192.168.1.5 - - [14/Dec/2025:18:35:05 +0000] "POST /api/v1/device/wifi-status HTTP/1.1" 200 186 "-" "ESP8266HTTPClient"
192.168.1.5 - - [14/Dec/2025:18:35:35 +0000] "POST /api/v1/device/wifi-status HTTP/1.1" 200 186 "-" "ESP8266HTTPClient"
192.168.1.5 - - [14/Dec/2025:18:36:05 +0000] "POST /api/v1/device/wifi-status HTTP/1.1" 200 186 "-" "ESP8266HTTPClient"
192.168.1.5 - - [14/Dec/2025:18:36:36 +0000] "POST /api/v1/device/wifi-status HTTP/1.1" 200 186 "-" "ESP8266HTTPClient"
192.168.1.3 - - [14/Dec/2025:18:38:23 +0000] "GET /api/v1/device/server-ip HTTP/1.1" 200 79 "-" "PostmanRuntime/7.49.1"
192.168.1.3 - - [14/Dec/2025:18:38:27 +0000] "GET /api/v1/device/wifi-status HTTP/1.1" 200 169 "-" "PostmanRuntime/7.49.1"
192.168.1.3 - - [14/Dec/2025:18:40:10 +0000] "GET /api/v1/device/wifi-status HTTP/1.1" 404 88 "-" "PostmanRuntime/7.49.1"
192.168.1.3 - - [14/Dec/2025:18:40:13 +0000] "GET /api/v1/device/wifi-status HTTP/1.1" 404 88 "-" "PostmanRuntime/7.49.1"
192.168.1.3 - - [14/Dec/2025:18:42:35 +0000] "GET /api/v1/device/wifi-status HTTP/1.1" 404 88 "-" "PostmanRuntime/7.49.1"
192.168.1.3 - - [14/Dec/2025:18:42:39 +0000] "GET /api/v1/device/wifi-status HTTP/1.1" 404 88 "-" "PostmanRuntime/7.49.1"
192.168.1.3 - - [14/Dec/2025:18:53:34 +0000] "POST /api/v1/device/connect-wifi HTTP/1.1" 503 86 "-" "PostmanRuntime/7.49.1"
192.168.1.3 - - [14/Dec/2025:18:53:43 +0000] "POST /api/v1/device/connect-wifi HTTP/1.1" 503 86 "-" "PostmanRuntime/7.49.1"
192.168.1.3 - - [14/Dec/2025:18:53:51 +0000] "GET /api/v1/device/wifi-status HTTP/1.1" 404 88 "-" "PostmanRuntime/7.49.1"
192.168.4.1 - - [14/Dec/2025:19:02:45 +0000] "POST /api/v1/device/recive-wifi-scan-data HTTP/1.1" 200 127 "-" "ESP8266HTTPClient"
192.168.4.2 - - [14/Dec/2025:19:02:51 +0000] "GET /api/v1/device/recive-wifi-scan-data HTTP/1.1" 200 672 "-" "PostmanRuntime/7.49.1"
192.168.4.1 - - [14/Dec/2025:19:03:02 +0000] "POST /api/v1/device/recive-wifi-scan-data HTTP/1.1" 200 127 "-" "ESP8266HTTPClient"
192.168.4.2 - - [14/Dec/2025:19:03:06 +0000] "GET /api/v1/device/wifi-status HTTP/1.1" 404 88 "-" "PostmanRuntime/7.49.1"
192.168.4.1 - - [14/Dec/2025:19:03:20 +0000] "POST /api/v1/device/recive-wifi-scan-data HTTP/1.1" 200 127 "-" "ESP8266HTTPClient"
192.168.4.2 - - [14/Dec/2025:19:03:25 +0000] "POST /api/v1/device/connect-wifi HTTP/1.1" 200 107 "-" "PostmanRuntime/7.49.1"
192.168.4.1 - - [14/Dec/2025:19:03:48 +0000] "POST /api/v1/device/wifi-status HTTP/1.1" 200 183 "-" "ESP8266HTTPClient"
192.168.4.1 - - [14/Dec/2025:19:03:51 +0000] "POST /api/v1/device/recive-wifi-scan-data HTTP/1.1" 200 127 "-" "ESP8266HTTPClient"
192.168.4.2 - - [14/Dec/2025:19:03:58 +0000] "GET /api/v1/device/wifi-status HTTP/1.1" 200 166 "-" "PostmanRuntime/7.49.1"
192.168.4.1 - - [14/Dec/2025:19:04:08 +0000] "POST /api/v1/device/recive-wifi-scan-data HTTP/1.1" 200 127 "-" "ESP8266HTTPClient"
192.168.4.1 - - [14/Dec/2025:19:04:26 +0000] "POST /api/v1/device/recive-wifi-scan-data HTTP/1.1" 200 127 "-" "ESP8266HTTPClient"
192.168.4.2 - - [14/Dec/2025:19:04:31 +0000] "POST /api/v1/device/connect-wifi HTTP/1.1" 200 107 "-" "PostmanRuntime/7.49.1"
192.168.1.3 - - [14/Dec/2025:19:05:52 +0000] "GET /api/v1/device/wifi-status HTTP/1.1" 404 88 "-" "PostmanRuntime/7.49.1"
192.168.4.1 - - [14/Dec/2025:19:28:00 +0000] "POST /api/v1/device/recive-wifi-scan-data HTTP/1.1" 200 127 "-" "ESP8266HTTPClient"
192.168.4.1 - - [14/Dec/2025:19:28:18 +0000] "POST /api/v1/device/recive-wifi-scan-data HTTP/1.1" 200 127 "-" "ESP8266HTTPClient"
192.168.4.2 - - [14/Dec/2025:19:28:25 +0000] "POST /api/v1/device/connect-wifi HTTP/1.1" 200 107 "-" "PostmanRuntime/7.49.1"
192.168.4.1 - - [14/Dec/2025:19:31:23 +0000] "POST /api/v1/device/recive-wifi-scan-data HTTP/1.1" 200 127 "-" "ESP8266HTTPClient"
192.168.4.2 - - [14/Dec/2025:19:31:35 +0000] "POST /api/v1/device/connect-wifi HTTP/1.1" 200 107 "-" "PostmanRuntime/7.49.1"
192.168.4.1 - - [14/Dec/2025:19:47:22 +0000] "POST /api/v1/device/recive-wifi-scan-data HTTP/1.1" 200 127 "-" "ESP8266HTTPClient"
192.168.4.2 - - [14/Dec/2025:19:47:36 +0000] "POST /api/v1/device/connect-wifi HTTP/1.1" 200 107 "-" "PostmanRuntime/7.49.1"
192.168.4.1 - - [14/Dec/2025:20:10:50 +0000] "POST /api/v1/device/recive-wifi-scan-data HTTP/1.1" 200 126 "-" "ESP8266HTTPClient"
192.168.4.1 - - [14/Dec/2025:20:11:08 +0000] "POST /api/v1/device/recive-wifi-scan-data HTTP/1.1" 200 126 "-" "ESP8266HTTPClient"
192.168.4.1 - - [14/Dec/2025:20:11:25 +0000] "POST /api/v1/device/recive-wifi-scan-data HTTP/1.1" 200 126 "-" "ESP8266HTTPClient"
192.168.4.1 - - [14/Dec/2025:20:11:43 +0000] "POST /api/v1/device/recive-wifi-scan-data HTTP/1.1" 200 126 "-" "ESP8266HTTPClient"
192.168.4.1 - - [14/Dec/2025:20:12:01 +0000] "POST /api/v1/device/recive-wifi-scan-data HTTP/1.1" 200 126 "-" "ESP8266HTTPClient"
192.168.4.1 - - [14/Dec/2025:20:12:19 +0000] "POST /api/v1/device/recive-wifi-scan-data HTTP/1.1" 200 126 "-" "ESP8266HTTPClient"
192.168.4.1 - - [14/Dec/2025:20:12:37 +0000] "POST /api/v1/device/recive-wifi-scan-data HTTP/1.1" 200 126 "-" "ESP8266HTTPClient"
192.168.4.2 - - [14/Dec/2025:20:12:43 +0000] "POST /api/v1/device/connect-wifi HTTP/1.1" 200 107 "-" "PostmanRuntime/7.49.1"
192.168.1.3 - - [14/Dec/2025:20:13:48 +0000] "POST /resync-server HTTP/1.1" 404 86 "-" "node"
192.168.1.3 - - [14/Dec/2025:20:13:48 +0000] "POST /api/v1/device/resync-server HTTP/1.1" 200 17 "-" "PostmanRuntime/7.49.1"
192.168.4.2 - - [14/Dec/2025:20:26:31 +0000] "POST /api/v1/device/connect-wifi HTTP/1.1" 200 107 "-" "PostmanRuntime/7.49.1"
192.168.1.3 - - [14/Dec/2025:20:27:26 +0000] "POST /resync-server HTTP/1.1" 404 86 "-" "node"
192.168.1.3 - - [14/Dec/2025:20:27:26 +0000] "POST /api/v1/device/resync-server HTTP/1.1" 200 17 "-" "PostmanRuntime/7.49.1"
192.168.1.3 - - [14/Dec/2025:20:30:43 +0000] "GET /api/v1/device/wifi-status HTTP/1.1" 404 88 "-" "PostmanRuntime/7.49.1"
192.168.4.1 - - [14/Dec/2025:20:37:41 +0000] "POST /api/v1/device/recive-wifi-scan-data HTTP/1.1" 200 126 "-" "ESP8266HTTPClient"
192.168.4.2 - - [14/Dec/2025:20:37:48 +0000] "POST /api/v1/device/connect-wifi HTTP/1.1" 200 107 "-" "PostmanRuntime/7.49.1"
192.168.1.3 - - [14/Dec/2025:20:38:29 +0000] "POST /resync-server HTTP/1.1" 404 86 "-" "node"
192.168.1.3 - - [14/Dec/2025:20:38:29 +0000] "POST /api/v1/device/resync-server HTTP/1.1" 200 17 "-" "PostmanRuntime/7.49.1"
192.168.1.3 - - [14/Dec/2025:20:38:50 +0000] "POST /resync-server HTTP/1.1" 404 86 "-" "node"
192.168.1.3 - - [14/Dec/2025:20:38:50 +0000] "POST /api/v1/device/resync-server HTTP/1.1" 200 17 "-" "PostmanRuntime/7.49.1"
192.168.1.3 - - [14/Dec/2025:20:52:15 +0000] "POST /api/v1/device/resync-server HTTP/1.1" 200 0 "-" "PostmanRuntime/7.49.1"
192.168.1.3 - - [14/Dec/2025:20:52:50 +0000] "POST /api/v1/device/resync-server HTTP/1.1" 200 0 "-" "PostmanRuntime/7.49.1"
192.168.1.3 - - [14/Dec/2025:20:53:15 +0000] "POST /api/v1/device/resync-server HTTP/1.1" 200 0 "-" "PostmanRuntime/7.49.1"
192.168.1.3 - - [14/Dec/2025:20:54:38 +0000] "POST /api/v1/device/resync-server HTTP/1.1" 200 17 "-" "PostmanRuntime/7.49.1"
192.168.1.5 - - [14/Dec/2025:20:54:38 +0000] "POST /api/v1/device/wifi-status HTTP/1.1" 200 186 "-" "ESP8266HTTPClient"
192.168.1.5 - - [14/Dec/2025:20:55:08 +0000] "POST /api/v1/device/wifi-status HTTP/1.1" 200 186 "-" "ESP8266HTTPClient"
192.168.1.5 - - [14/Dec/2025:20:55:38 +0000] "POST /api/v1/device/wifi-status HTTP/1.1" 200 186 "-" "ESP8266HTTPClient"
192.168.1.5 - - [14/Dec/2025:20:56:08 +0000] "POST /api/v1/device/wifi-status HTTP/1.1" 200 186 "-" "ESP8266HTTPClient"
192.168.1.5 - - [14/Dec/2025:20:56:38 +0000] "POST /api/v1/device/wifi-status HTTP/1.1" 200 186 "-" "ESP8266HTTPClient"
192.168.1.5 - - [14/Dec/2025:20:57:08 +0000] "POST /api/v1/device/wifi-status HTTP/1.1" 200 186 "-" "ESP8266HTTPClient"
192.168.1.5 - - [14/Dec/2025:20:57:38 +0000] "POST /api/v1/device/wifi-status HTTP/1.1" 200 186 "-" "ESP8266HTTPClient"
192.168.1.5 - - [14/Dec/2025:20:58:08 +0000] "POST /api/v1/device/wifi-status HTTP/1.1" 200 186 "-" "ESP8266HTTPClient"
192.168.1.5 - - [14/Dec/2025:20:58:39 +0000] "POST /api/v1/device/wifi-status HTTP/1.1" 200 186 "-" "ESP8266HTTPClient"
192.168.1.5 - - [14/Dec/2025:20:59:09 +0000] "POST /api/v1/device/wifi-status HTTP/1.1" 200 186 "-" "ESP8266HTTPClient"
192.168.1.5 - - [14/Dec/2025:20:59:39 +0000] "POST /api/v1/device/wifi-status HTTP/1.1" 200 186 "-" "ESP8266HTTPClient"
192.168.1.5 - - [14/Dec/2025:21:00:09 +0000] "POST /api/v1/device/wifi-status HTTP/1.1" 200 186 "-" "ESP8266HTTPClient"
192.168.1.5 - - [14/Dec/2025:21:00:39 +0000] "POST /api/v1/device/wifi-status HTTP/1.1" 200 186 "-" "ESP8266HTTPClient"
192.168.1.5 - - [14/Dec/2025:21:01:09 +0000] "POST /api/v1/device/wifi-status HTTP/1.1" 200 186 "-" "ESP8266HTTPClient"
192.168.1.5 - - [14/Dec/2025:21:01:39 +0000] "POST /api/v1/device/wifi-status HTTP/1.1" 200 186 "-" "ESP8266HTTPClient"
192.168.1.5 - - [14/Dec/2025:21:02:09 +0000] "POST /api/v1/device/wifi-status HTTP/1.1" 200 186 "-" "ESP8266HTTPClient"
192.168.1.5 - - [14/Dec/2025:21:02:39 +0000] "POST /api/v1/device/wifi-status HTTP/1.1" 200 186 "-" "ESP8266HTTPClient"
192.168.1.5 - - [14/Dec/2025:21:03:09 +0000] "POST /api/v1/device/wifi-status HTTP/1.1" 200 186 "-" "ESP8266HTTPClient"
192.168.4.1 - - [14/Dec/2025:21:06:50 +0000] "POST /api/v1/device/recive-wifi-scan-data HTTP/1.1" 200 126 "-" "ESP8266HTTPClient"
192.168.4.2 - - [14/Dec/2025:21:06:50 +0000] "POST /api/v1/device/connect-wifi HTTP/1.1" 200 107 "-" "PostmanRuntime/7.49.1"
192.168.1.3 - - [14/Dec/2025:21:07:32 +0000] "POST /api/v1/device/resync-server HTTP/1.1" 200 0 "-" "PostmanRuntime/7.49.1"
192.168.4.1 - - [14/Dec/2025:21:14:21 +0000] "POST /api/v1/device/recive-wifi-scan-data HTTP/1.1" 200 126 "-" "ESP8266HTTPClient"
192.168.4.2 - - [14/Dec/2025:21:14:28 +0000] "POST /api/v1/device/connect-wifi HTTP/1.1" 200 107 "-" "PostmanRuntime/7.49.1"
192.168.4.1 - - [14/Dec/2025:21:23:17 +0000] "POST /api/v1/device/recive-wifi-scan-data HTTP/1.1" 200 126 "-" "ESP8266HTTPClient"
192.168.4.2 - - [14/Dec/2025:21:23:20 +0000] "POST /api/v1/device/connect-wifi HTTP/1.1" 200 107 "-" "PostmanRuntime/7.49.1"
192.168.1.3 - - [14/Dec/2025:21:24:17 +0000] "POST /api/v1/device/resync-server HTTP/1.1" 200 17 "-" "PostmanRuntime/7.49.1"
192.168.1.100 - - [14/Dec/2025:21:24:47 +0000] "POST /api/v1/device/wifi-status HTTP/1.1" 200 188 "-" "ESP8266HTTPClient"
192.168.1.100 - - [14/Dec/2025:21:25:17 +0000] "POST /api/v1/device/wifi-status HTTP/1.1" 200 188 "-" "ESP8266HTTPClient"
192.168.1.100 - - [14/Dec/2025:21:25:47 +0000] "POST /api/v1/device/wifi-status HTTP/1.1" 200 188 "-" "ESP8266HTTPClient"
192.168.1.100 - - [14/Dec/2025:21:26:17 +0000] "POST /api/v1/device/wifi-status HTTP/1.1" 200 188 "-" "ESP8266HTTPClient"
192.168.1.100 - - [14/Dec/2025:21:26:47 +0000] "POST /api/v1/device/wifi-status HTTP/1.1" 200 188 "-" "ESP8266HTTPClient"
192.168.1.100 - - [14/Dec/2025:21:27:17 +0000] "POST /api/v1/device/wifi-status HTTP/1.1" 200 188 "-" "ESP8266HTTPClient"
192.168.1.100 - - [14/Dec/2025:21:27:47 +0000] "POST /api/v1/device/wifi-status HTTP/1.1" 200 188 "-" "ESP8266HTTPClient"
192.168.1.100 - - [14/Dec/2025:21:28:17 +0000] "POST /api/v1/device/wifi-status HTTP/1.1" 200 188 "-" "ESP8266HTTPClient"
192.168.1.100 - - [14/Dec/2025:21:28:48 +0000] "POST /api/v1/device/wifi-status HTTP/1.1" 200 188 "-" "ESP8266HTTPClient"
192.168.1.100 - - [14/Dec/2025:21:29:18 +0000] "POST /api/v1/device/wifi-status HTTP/1.1" 200 188 "-" "ESP8266HTTPClient"
192.168.1.100 - - [14/Dec/2025:21:29:48 +0000] "POST /api/v1/device/wifi-status HTTP/1.1" 200 188 "-" "ESP8266HTTPClient"
192.168.1.100 - - [14/Dec/2025:21:30:18 +0000] "POST /api/v1/device/wifi-status HTTP/1.1" 200 188 "-" "ESP8266HTTPClient"
192.168.1.100 - - [14/Dec/2025:21:30:48 +0000] "POST /api/v1/device/wifi-status HTTP/1.1" 200 188 "-" "ESP8266HTTPClient"
